only testing
Num weight bits = 18
learning rate = 0.5
initial_t = 0
power_t = 0.5
using no cache
Reading datafile = train-sets/marginal_features
num sources = 1
average  since         example        example  current  current  current
loss     last          counter         weight    label  predict features
0.000005 0.000005            1            1.0   0.5000   0.5022        2
0.000003 0.000000            2            2.0   1.0000   0.9995        2

finished run
number of examples per pass = 2
passes used = 1
weighted example sum = 2.000000
weighted label sum = 1.500000
average loss = 0.000003
best constant = 0.750000
best constant's loss = 0.062500
total feature number = 4
